Archive member included to satisfy reference by file (symbol)

d:/embedded tools/01-arm tools/03- imt sdk/imt_sdk_win_64/winarm/armgcc/bin/../lib/gcc/arm-none-eabi/7.2.1/../../../../arm-none-eabi/lib/thumb/v7-m\libg_nano.a(lib_a-errno.o)
                              ./system/src/newlib/_sbrk.o (__errno)
d:/embedded tools/01-arm tools/03- imt sdk/imt_sdk_win_64/winarm/armgcc/bin/../lib/gcc/arm-none-eabi/7.2.1/../../../../arm-none-eabi/lib/thumb/v7-m\libg_nano.a(lib_a-impure.o)
                              d:/embedded tools/01-arm tools/03- imt sdk/imt_sdk_win_64/winarm/armgcc/bin/../lib/gcc/arm-none-eabi/7.2.1/../../../../arm-none-eabi/lib/thumb/v7-m\libg_nano.a(lib_a-errno.o) (_impure_ptr)
d:/embedded tools/01-arm tools/03- imt sdk/imt_sdk_win_64/winarm/armgcc/bin/../lib/gcc/arm-none-eabi/7.2.1/../../../../arm-none-eabi/lib/thumb/v7-m\libg_nano.a(lib_a-sprintf.o)
                              ./src/ESP_program.o (sprintf)
d:/embedded tools/01-arm tools/03- imt sdk/imt_sdk_win_64/winarm/armgcc/bin/../lib/gcc/arm-none-eabi/7.2.1/../../../../arm-none-eabi/lib/thumb/v7-m\libg_nano.a(lib_a-strcat.o)
                              ./src/ESP_program.o (strcat)
d:/embedded tools/01-arm tools/03- imt sdk/imt_sdk_win_64/winarm/armgcc/bin/../lib/gcc/arm-none-eabi/7.2.1/../../../../arm-none-eabi/lib/thumb/v7-m\libg_nano.a(lib_a-strcpy.o)
                              ./src/ESP_program.o (strcpy)
d:/embedded tools/01-arm tools/03- imt sdk/imt_sdk_win_64/winarm/armgcc/bin/../lib/gcc/arm-none-eabi/7.2.1/../../../../arm-none-eabi/lib/thumb/v7-m\libg_nano.a(lib_a-strlen.o)
                              ./system/src/diag/Trace.o (strlen)
d:/embedded tools/01-arm tools/03- imt sdk/imt_sdk_win_64/winarm/armgcc/bin/../lib/gcc/arm-none-eabi/7.2.1/../../../../arm-none-eabi/lib/thumb/v7-m\libg_nano.a(lib_a-vsnprintf.o)
                              ./system/src/diag/Trace.o (vsnprintf)
d:/embedded tools/01-arm tools/03- imt sdk/imt_sdk_win_64/winarm/armgcc/bin/../lib/gcc/arm-none-eabi/7.2.1/../../../../arm-none-eabi/lib/thumb/v7-m\libg_nano.a(lib_a-nano-svfprintf.o)
                              d:/embedded tools/01-arm tools/03- imt sdk/imt_sdk_win_64/winarm/armgcc/bin/../lib/gcc/arm-none-eabi/7.2.1/../../../../arm-none-eabi/lib/thumb/v7-m\libg_nano.a(lib_a-sprintf.o) (_svfprintf_r)
d:/embedded tools/01-arm tools/03- imt sdk/imt_sdk_win_64/winarm/armgcc/bin/../lib/gcc/arm-none-eabi/7.2.1/../../../../arm-none-eabi/lib/thumb/v7-m\libg_nano.a(lib_a-nano-vfprintf_i.o)
                              d:/embedded tools/01-arm tools/03- imt sdk/imt_sdk_win_64/winarm/armgcc/bin/../lib/gcc/arm-none-eabi/7.2.1/../../../../arm-none-eabi/lib/thumb/v7-m\libg_nano.a(lib_a-nano-svfprintf.o) (_printf_i)
d:/embedded tools/01-arm tools/03- imt sdk/imt_sdk_win_64/winarm/armgcc/bin/../lib/gcc/arm-none-eabi/7.2.1/../../../../arm-none-eabi/lib/thumb/v7-m\libg_nano.a(lib_a-memchr-stub.o)
                              d:/embedded tools/01-arm tools/03- imt sdk/imt_sdk_win_64/winarm/armgcc/bin/../lib/gcc/arm-none-eabi/7.2.1/../../../../arm-none-eabi/lib/thumb/v7-m\libg_nano.a(lib_a-nano-svfprintf.o) (memchr)
d:/embedded tools/01-arm tools/03- imt sdk/imt_sdk_win_64/winarm/armgcc/bin/../lib/gcc/arm-none-eabi/7.2.1/../../../../arm-none-eabi/lib/thumb/v7-m\libg_nano.a(lib_a-memcpy-stub.o)
                              d:/embedded tools/01-arm tools/03- imt sdk/imt_sdk_win_64/winarm/armgcc/bin/../lib/gcc/arm-none-eabi/7.2.1/../../../../arm-none-eabi/lib/thumb/v7-m\libg_nano.a(lib_a-nano-svfprintf.o) (memcpy)
d:/embedded tools/01-arm tools/03- imt sdk/imt_sdk_win_64/winarm/armgcc/bin/../lib/gcc/arm-none-eabi/7.2.1/../../../../arm-none-eabi/lib/thumb/v7-m\libg_nano.a(lib_a-memmove.o)
                              d:/embedded tools/01-arm tools/03- imt sdk/imt_sdk_win_64/winarm/armgcc/bin/../lib/gcc/arm-none-eabi/7.2.1/../../../../arm-none-eabi/lib/thumb/v7-m\libg_nano.a(lib_a-nano-svfprintf.o) (memmove)
d:/embedded tools/01-arm tools/03- imt sdk/imt_sdk_win_64/winarm/armgcc/bin/../lib/gcc/arm-none-eabi/7.2.1/../../../../arm-none-eabi/lib/thumb/v7-m\libg_nano.a(lib_a-nano-freer.o)
                              d:/embedded tools/01-arm tools/03- imt sdk/imt_sdk_win_64/winarm/armgcc/bin/../lib/gcc/arm-none-eabi/7.2.1/../../../../arm-none-eabi/lib/thumb/v7-m\libg_nano.a(lib_a-nano-svfprintf.o) (_free_r)
d:/embedded tools/01-arm tools/03- imt sdk/imt_sdk_win_64/winarm/armgcc/bin/../lib/gcc/arm-none-eabi/7.2.1/../../../../arm-none-eabi/lib/thumb/v7-m\libg_nano.a(lib_a-nano-mallocr.o)
                              d:/embedded tools/01-arm tools/03- imt sdk/imt_sdk_win_64/winarm/armgcc/bin/../lib/gcc/arm-none-eabi/7.2.1/../../../../arm-none-eabi/lib/thumb/v7-m\libg_nano.a(lib_a-nano-svfprintf.o) (_malloc_r)
d:/embedded tools/01-arm tools/03- imt sdk/imt_sdk_win_64/winarm/armgcc/bin/../lib/gcc/arm-none-eabi/7.2.1/../../../../arm-none-eabi/lib/thumb/v7-m\libg_nano.a(lib_a-nano-reallocr.o)
[...]
Memory Configuration

Name             Origin             Length             Attributes
RAM              0x20000000         0x00005000         xrw
CCMRAM           0x00000000         0x00000000         xrw
FLASH            0x08000000         0x00010000         xr
FLASHB1          0x00000000         0x00000000         xr
EXTMEMB0         0x00000000         0x00000000         xr
EXTMEMB1         0x00000000         0x00000000         xr
EXTMEMB2         0x00000000         0x00000000         xr
EXTMEMB3         0x00000000         0x00000000         xr
MEMORY_ARRAY     0x00000000         0x00000000         xrw
*default*        0x00000000         0xffffffff

Linker script and memory map

LOAD ./system/src/stm32f1-stdperiph/misc.o
LOAD ./system/src/stm32f1-stdperiph/stm32f10x_gpio.o
LOAD ./system/src/stm32f1-stdperiph/stm32f10x_rcc.o
LOAD ./system/src/newlib/_cxx.o
LOAD ./system/src/newlib/_exit.o
LOAD ./system/src/newlib/_sbrk.o
LOAD ./system/src/newlib/_startup.o
LOAD ./system/src/newlib/_syscalls.o
LOAD ./system/src/newlib/assert.o
LOAD ./system/src/diag/Trace.o
LOAD ./system/src/diag/trace_impl.o
LOAD ./system/src/cortexm/_initialize_hardware.o
LOAD ./system/src/cortexm/_reset_hardware.o
LOAD ./system/src/cortexm/exception_handlers.o
LOAD ./system/src/cmsis/system_stm32f10x.o
LOAD ./system/src/cmsis/vectors_stm32f10x.o
LOAD ./src/ADC_program.o
LOAD ./src/AFIO_program.o
LOAD ./src/DIO_program.o
LOAD ./src/ESP_program.o
LOAD ./src/EXTI_program.o
LOAD ./src/NVIC_program.o
LOAD ./src/RCC_program.o
LOAD ./src/STK_program.o
LOAD ./src/USART_program.o
LOAD ./src/main.o
LOAD d:/embedded tools/01-arm tools/03- imt sdk/imt_sdk_win_64/winarm/armgcc/bin/../lib/gcc/arm-none-eabi/7.2.1/../../../../arm-none-eabi/lib/thumb/v7-m\libstdc++_nano.a
LOAD d:/embedded tools/01-arm tools/03- imt sdk/imt_sdk_win_64/winarm/armgcc/bin/../lib/gcc/arm-none-eabi/7.2.1/../../../../arm-none-eabi/lib/thumb/v7-m\libm.a
START GROUP
LOAD d:/embedded tools/01-arm tools/03- imt sdk/imt_sdk_win_64/winarm/armgcc/bin/../lib/gcc/arm-none-eabi/7.2.1/thumb/v7-m\libgcc.a
LOAD d:/embedded tools/01-arm tools/03- imt sdk/imt_sdk_win_64/winarm/armgcc/bin/../lib/gcc/arm-none-eabi/7.2.1/../../../../arm-none-eabi/lib/thumb/v7-m\libg_nano.a
LOAD d:/embedded tools/01-arm tools/03- imt sdk/imt_sdk_win_64/winarm/armgcc/bin/../lib/gcc/arm-none-eabi/7.2.1/../../../../arm-none-eabi/lib/thumb/v7-m\libc_nano.a
END GROUP
START GROUP
LOAD d:/embedded tools/01-arm tools/03- imt sdk/imt_sdk_win_64/winarm/armgcc/bin/../lib/gcc/arm-none-eabi/7.2.1/thumb/v7-m\libgcc.a
LOAD d:/embedded tools/01-arm tools/03- imt sdk/imt_sdk_win_64/winarm/armgcc/bin/../lib/gcc/arm-none-eabi/7.2.1/../../../../arm-none-eabi/lib/thumb/v7-m\libc_nano.a
END GROUP
                0x20005000                __stack = (ORIGIN (RAM) + LENGTH (RAM))
                0x20005000                _estack = __stack
                0x00000400                __Main_Stack_Size = 0x400
                [!provide]                PROVIDE (_Main_Stack_Size, __Main_Stack_Size)
                0x20004c00                __Main_Stack_Limit = (__stack - __Main_Stack_Size)
                [!provide]                PROVIDE (_Main_Stack_Limit, __Main_Stack_Limit)
                0x00000100                _Minimum_Stack_Size = 0x100
                0x2000018c                PROVIDE (_Heap_Begin, _end_noinit)
                0x20004c00                PROVIDE (_Heap_Limit, (__stack - __Main_Stack_Size))

.isr_vector     0x08000000      0x350
 FILL mask 0xff
                0x08000000                __vectors_start = ABSOLUTE (.)
                0x08000000                __vectors_start__ = ABSOLUTE (.)
 *(.isr_vector)
 .isr_vector    0x08000000      0x10c ./system/src/cmsis/vectors_stm32f10x.o
                0x08000000                __isr_vectors
 *(.cfmconfig)
 *(.after_vectors .after_vectors.*)
 .after_vectors
                0x0800010c      0x114 ./system/src/newlib/_startup.o
                0x0800010c                _start
 .after_vectors
                0x08000220      0x12c ./system/src/cortexm/exception_handlers.o
                0x08000220                Reset_Handler
                0x08000226                NMI_Handler
                0x0800022a                HardFault_Handler
                0x0800023e                HardFault_Handler_C
                0x0800029c                MemManage_Handler
                0x080002a0                BusFault_Handler
                0x080002b4                BusFault_Handler_C
                0x080002e8                UsageFault_Handler
                0x080002fc                UsageFault_Handler_C
                0x08000330                SVC_Handler
                0x08000334                DebugMon_Handler
                0x08000338                PendSV_Handler
 .after_vectors
                0x0800034c        0x4 ./system/src/cmsis/vectors_stm32f10x.o
                0x0800034c                TIM8_TRG_COM_IRQHandler
                0x0800034c                TIM8_CC_IRQHandler
                0x0800034c                TIM1_CC_IRQHandler
                0x0800034c                TIM6_IRQHandler
                0x0800034c                PVD_IRQHandler
                0x0800034c                SDIO_IRQHandler
                0x0800034c                CAN2_RX1_IRQHandler
                0x0800034c                TIM8_TRG_COM_TIM14_IRQHandler
                0x0800034c                TIM1_UP_TIM10_IRQHandler
                0x0800034c                TIM8_UP_TIM13_IRQHandler
                0x0800034c                I2C2_EV_IRQHandler
                0x0800034c                CAN1_RX0_IRQHandler
                0x0800034c                TIM1_UP_TIM16_IRQHandler
                0x0800034c                CAN2_SCE_IRQHandler
                0x0800034c                SPI1_IRQHandler
                0x0800034c                TAMPER_IRQHandler
                0x0800034c                TIM6_DAC_IRQHandler
                0x0800034c                TIM1_BRK_TIM9_IRQHandler
                0x0800034c                CAN2_RX0_IRQHandler
                0x0800034c                TIM8_UP_IRQHandler
                0x0800034c                DMA2_Channel2_IRQHandler
                0x0800034c                DMA1_Channel4_IRQHandler
                0x0800034c                USART3_IRQHandler
                0x0800034c                RTC_IRQHandler
                0x0800034c                DMA1_Channel7_IRQHandler
                0x0800034c                CAN1_RX1_IRQHandler
                0x0800034c                UART5_IRQHandler
                0x0800034c                TIM4_IRQHandler
                0x0800034c                DMA2_Channel1_IRQHandler
                0x0800034c                I2C1_EV_IRQHandler
                0x0800034c                DMA1_Channel6_IRQHandler
                0x0800034c                UART4_IRQHandler
                0x0800034c                DMA2_Channel4_IRQHandler
                0x0800034c                TIM3_IRQHandler
                0x0800034c                RCC_IRQHandler
                0x0800034c                TIM8_BRK_TIM12_IRQHandler
                0x0800034c                TIM1_TRG_COM_IRQHandler
                0x0800034c                DMA1_Channel1_IRQHandler
                0x0800034c                Default_Handler
                0x0800034c                CEC_IRQHandler
                0x0800034c                EXTI15_10_IRQHandler
                0x0800034c                TIM14_IRQHandler
                0x0800034c                TIM13_IRQHandler
                0x0800034c                TIM12_IRQHandler
                0x0800034c                TIM7_IRQHandler
                0x0800034c                CAN2_TX_IRQHandler
                0x0800034c                TIM5_IRQHandler
                0x0800034c                EXTI9_5_IRQHandler
                0x0800034c                ETH_WKUP_IRQHandler
                0x0800034c                SPI2_IRQHandler
                0x0800034c                CAN1_TX_IRQHandler
                0x0800034c                DMA2_Channel5_IRQHandler
                0x0800034c                DMA1_Channel5_IRQHandler
                0x0800034c                USB_LP_CAN1_RX0_IRQHandler
                0x0800034c                TIM1_TRG_COM_TIM17_IRQHandler
                0x0800034c                USB_HP_CAN1_TX_IRQHandler
                0x0800034c                DMA1_Channel3_IRQHandler
                0x0800034c                FSMC_IRQHandler
                0x0800034c                ETH_IRQHandler
                0x0800034c                TIM1_UP_IRQHandler
                0x0800034c                WWDG_IRQHandler
                0x0800034c                TIM2_IRQHandler
                0x0800034c                OTG_FS_WKUP_IRQHandler
                0x0800034c                TIM1_TRG_COM_TIM11_IRQHandler
                0x0800034c                TIM1_BRK_IRQHandler
                0x0800034c                RTCAlarm_IRQHandler
                0x0800034c                DMA2_Channel4_5_IRQHandler
                0x0800034c                USART2_IRQHandler
                0x0800034c                I2C2_ER_IRQHandler
                0x0800034c                DMA1_Channel2_IRQHandler
                0x0800034c                TIM8_BRK_IRQHandler
                0x0800034c                CAN1_SCE_IRQHandler
                0x0800034c                FLASH_IRQHandler
                0x0800034c                USART1_IRQHandler
                0x0800034c                OTG_FS_IRQHandler
                0x0800034c                SPI3_IRQHandler
                0x0800034c                I2C1_ER_IRQHandler
                0x0800034c                USBWakeUp_IRQHandler
                0x0800034c                DMA2_Channel3_IRQHandler
                0x0800034c                TIM1_BRK_TIM15_IRQHandler

.inits          0x08000350       0x28
                0x08000350                __data_regions_array_start = .
                0x08000350        0x4 LONG 0x800195c LOADADDR (.data)
                0x08000354        0x4 LONG 0x20000000 ADDR (.data)
                0x08000358        0x4 LONG 0x20000088 (ADDR (.data) + SIZEOF (.data))
                0x0800035c        0x4 LONG 0x800195c LOADADDR (.data_CCMRAM)
                0x08000360        0x4 LONG 0x0 ADDR (.data_CCMRAM)
                0x08000364        0x4 LONG 0x0 (ADDR (.data_CCMRAM) + SIZEOF (.data_CCMRAM))
                0x08000368                __data_regions_array_end = .
                0x08000368                __bss_regions_array_start = .
                0x08000368        0x4 LONG 0x20000088 ADDR (.bss)
                0x0800036c        0x4 LONG 0x2000018c (ADDR (.bss) + SIZEOF (.bss))
                0x08000370        0x4 LONG 0x0 ADDR (.bss_CCMRAM)
                0x08000374        0x4 LONG 0x0 (ADDR (.bss_CCMRAM) + SIZEOF (.bss_CCMRAM))
                0x08000378                __bss_regions_array_end = .
 *(.init)
 *(.fini)
                0x08000378                . = ALIGN (0x4)
                0x08000378                PROVIDE (__preinit_array_start, .)
 *(.preinit_array_sysinit .preinit_array_sysinit.*)
 *(.preinit_array_platform .preinit_array_platform.*)
 *(.preinit_array .preinit_array.*)
                0x08000378                PROVIDE (__preinit_array_end, .)
                0x08000378                . = ALIGN (0x4)
                0x08000378                PROVIDE (__init_array_start, .)
 *(SORT_BY_NAME(.init_array.*))
 *(.init_array)
                0x08000378                PROVIDE (__init_array_end, .)
                0x08000378                . = ALIGN (0x4)
                0x08000378                PROVIDE (__fini_array_start, .)
 *(SORT_BY_NAME(.fini_array.*))
 *(.fini_array)
                0x08000378                PROVIDE (__fini_array_end, .)

.flashtext
 *(.flashtext .flashtext.*)

.text           0x08000378     0x15e3
 *(.text .text.*)
 .text._exit    0x08000378        0x2 ./system/src/newlib/_exit.o
                0x08000378                _exit
 *fill*         0x0800037a        0x2 
 .text._sbrk    0x0800037c       0x44 ./system/src/newlib/_sbrk.o
                0x0800037c                _sbrk
 .text.__initialize_args
                0x080003c0       0x10 ./system/src/newlib/_syscalls.o
                0x080003c0                __initialize_args
 .text.trace_printf
                0x080003d0       0x30 ./system/src/diag/Trace.o
                0x080003d0                trace_printf
 .text._trace_write_semihosting_debug
                0x08000400       0x60 ./system/src/diag/trace_impl.o
 .text.trace_write
                0x08000460        0x8 ./system/src/diag/trace_impl.o
                0x08000460                trace_write
 .text.__initialize_hardware_early
                0x08000468       0x18 ./system/src/cortexm/_initialize_hardware.o
                0x08000468                __initialize_hardware_early
 .text.__initialize_hardware
                0x08000480        0x8 ./system/src/cortexm/_initialize_hardware.o
                0x08000480                __initialize_hardware
 .text.dumpExceptionStack
                0x08000488       0xf4 ./system/src/cortexm/exception_handlers.o
                0x08000488                dumpExceptionStack
 .text.isSemihosting
                0x0800057c       0x20 ./system/src/cortexm/exception_handlers.o
                0x0800057c                isSemihosting
 .text.SetSysClockTo72
                0x0800059c       0xc4 ./system/src/cmsis/system_stm32f10x.o
 .text.SetSysClock
                0x08000660        0x8 ./system/src/cmsis/system_stm32f10x.o
 .text.SystemInit
                0x08000668       0x50 ./system/src/cmsis/system_stm32f10x.o
                0x08000668                SystemInit
 .text.SystemCoreClockUpdate
                0x080006b8       0x94 ./system/src/cmsis/system_stm32f10x.o
                0x080006b8                SystemCoreClockUpdate
 .text.ADC1_voidInit
                0x0800074c       0x30 ./src/ADC_program.o
                0x0800074c                ADC1_voidInit
 .text.ADC1_voidChangeCh
                0x0800077c        0xc ./src/ADC_program.o
                0x0800077c                ADC1_voidChangeCh
 .text.ADC1_u8StartConversionAsynch
                0x08000788       0x54 ./src/ADC_program.o
                0x08000788                ADC1_u8StartConversionAsynch
 .text.ADC1_voidEnableInterrupt
                0x080007dc       0x10 ./src/ADC_program.o
                0x080007dc                ADC1_voidEnableInterrupt
 .text.ADC1_voidDisableInterrupt
                0x080007ec       0x10 ./src/ADC_program.o
                0x080007ec                ADC1_voidDisableInterrupt
 .text.ADC2_voidDisableInterrupt
                0x080007fc       0x10 ./src/ADC_program.o
                0x080007fc                ADC2_voidDisableInterrupt
 .text.ADC1_2_IRQHandler
                0x0800080c       0x78 ./src/ADC_program.o
                0x0800080c                ADC1_2_IRQHandler
 .text.MAFIO_voidSetEXTIConfiguration
                0x08000884       0x60 ./src/AFIO_program.o
                0x08000884                MAFIO_voidSetEXTIConfiguration
 .text.MDIO_voidSetPinDirection
                0x080008e4       0xe8 ./src/DIO_program.o
                0x080008e4                MDIO_voidSetPinDirection
 .text.MDIO_voidSetPinValue
                0x080009cc       0x94 ./src/DIO_program.o
                0x080009cc                MDIO_voidSetPinValue
 .text.MEXTI_voidInit
                0x08000a60       0x18 ./src/EXTI_program.o
                0x08000a60                MEXTI_voidInit
 .text.MEXTI_voidEnableEXTI
                0x08000a78       0x14 ./src/EXTI_program.o
                0x08000a78                MEXTI_voidEnableEXTI
 .text.MEXTI_voidClearPendingFlag
                0x08000a8c       0x14 ./src/EXTI_program.o
                0x08000a8c                MEXTI_voidClearPendingFlag
 .text.MEXTI_voidSetSignalLatch
                0x08000aa0       0x48 ./src/EXTI_program.o
                0x08000aa0                MEXTI_voidSetSignalLatch
 .text.MEXTI_voidSetCallBack
                0x08000ae8        0xc ./src/EXTI_program.o
                0x08000ae8                MEXTI_voidSetCallBack
 .text.EXTI0_IRQHandler
                0x08000af4       0x18 ./src/EXTI_program.o
                0x08000af4                EXTI0_IRQHandler
 .text.EXTI1_IRQHandler
                0x08000b0c       0x18 ./src/EXTI_program.o
                0x08000b0c                EXTI1_IRQHandler
 .text.EXTI2_IRQHandler
                0x08000b24       0x18 ./src/EXTI_program.o
                0x08000b24                EXTI2_IRQHandler
 .text.EXTI3_IRQHandler
                0x08000b3c       0x18 ./src/EXTI_program.o
                0x08000b3c                EXTI3_IRQHandler
 .text.EXTI4_IRQHandler
                0x08000b54       0x18 ./src/EXTI_program.o
                0x08000b54                EXTI4_IRQHandler
 .text.MNVIC_voidInit
                0x08000b6c       0x10 ./src/NVIC_program.o
                0x08000b6c                MNVIC_voidInit
 .text.MNVIC_voidSetPriority
                0x08000b7c       0x1e ./src/NVIC_program.o
                0x08000b7c                MNVIC_voidSetPriority
 *fill*         0x08000b9a        0x2 
 .text.MNVIC_voidEnableInterrupt
                0x08000b9c       0x2c ./src/NVIC_program.o
                0x08000b9c                MNVIC_voidEnableInterrupt
 .text.RCC_voidInitSysClock
                0x08000bc8       0x14 ./src/RCC_program.o
                0x08000bc8                RCC_voidInitSysClock
 .text.RCC_voidEnablePeripheralClock
                0x08000bdc       0x4c ./src/RCC_program.o
                0x08000bdc                RCC_voidEnablePeripheralClock
 .text.MSTK_voidInit
                0x08000c28        0xc ./src/STK_program.o
                0x08000c28                MSTK_voidInit
 .text.MSTK_voidSetIntervalSingle
                0x08000c34       0x2c ./src/STK_program.o
                0x08000c34                MSTK_voidSetIntervalSingle
 .text.SysTick_Handler
                0x08000c60       0x38 ./src/STK_program.o
                0x08000c60                SysTick_Handler
 .text.Flame    0x08000c98       0x38 ./src/main.o
                0x08000c98                Flame
 .text.PIR2     0x08000cd0        0xe ./src/main.o
                0x08000cd0                PIR2
 *fill*         0x08000cde        0x2 
 .text.LightnessAutoMode
                0x08000ce0       0x28 ./src/main.o
                0x08000ce0                LightnessAutoMode
 .text.PIR      0x08000d08       0x20 ./src/main.o
                0x08000d08                PIR
 .text.main     0x08000d28      0x180 ./src/main.o
                0x08000d28                main
 .text.LM35_GetTemp
                0x08000ea8       0x24 ./src/main.o
                0x08000ea8                LM35_GetTemp
 .text.FanAutoMode
                0x08000ecc       0xb4 ./src/main.o
                0x08000ecc                FanAutoMode
 .text.__errno  0x08000f80        0xc d:/embedded tools/01-arm tools/03- imt sdk/imt_sdk_win_64/winarm/armgcc/bin/../lib/gcc/arm-none-eabi/7.2.1/../../../../arm-none-eabi/lib/thumb/v7-m\libg_nano.a(lib_a-errno.o)
                0x08000f80                __errno
 .text._vsnprintf_r
                0x08000f8c       0x58 d:/embedded tools/01-arm tools/03- imt sdk/imt_sdk_win_64/winarm/armgcc/bin/../lib/gcc/arm-none-eabi/7.2.1/../../../../arm-none-eabi/lib/thumb/v7-m\libg_nano.a(lib_a-vsnprintf.o)
                0x08000f8c                _vsniprintf_r
                0x08000f8c                _vsnprintf_r
 .text.vsnprintf
                0x08000fe4       0x1c d:/embedded tools/01-arm tools/03- imt sdk/imt_sdk_win_64/winarm/armgcc/bin/../lib/gcc/arm-none-eabi/7.2.1/../../../../arm-none-eabi/lib/thumb/v7-m\libg_nano.a(lib_a-vsnprintf.o)
                0x08000fe4                vsniprintf
                0x08000fe4                vsnprintf
 .text.__ssputs_r
                0x08001000       0xb4 d:/embedded tools/01-arm tools/03- imt sdk/imt_sdk_win_64/winarm/armgcc/bin/../lib/gcc/arm-none-eabi/7.2.1/../../../../arm-none-eabi/lib/thumb/v7-m\libg_nano.a(lib_a-nano-svfprintf.o)
                0x08001000                __ssputs_r
 .text._svfprintf_r
                0x080010b4      0x1ec d:/embedded tools/01-arm tools/03- imt sdk/imt_sdk_win_64/winarm/armgcc/bin/../lib/gcc/arm-none-eabi/7.2.1/../../../../arm-none-eabi/lib/thumb/v7-m\libg_nano.a(lib_a-nano-svfprintf.o)
                0x080010b4                _svfiprintf_r
                0x080010b4                _svfprintf_r
 .text._printf_common
                0x080012a0       0xec d:/embedded tools/01-arm tools/03- imt sdk/imt_sdk_win_64/winarm/armgcc/bin/../lib/gcc/arm-none-eabi/7.2.1/../../../../arm-none-eabi/lib/thumb/v7-m\libg_nano.a(lib_a-nano-vfprintf_i.o)
                0x080012a0                _printf_common
 .text._printf_i
                0x0800138c      0x224 d:/embedded tools/01-arm tools/03- imt sdk/imt_sdk_win_64/winarm/armgcc/bin/../lib/gcc/arm-none-eabi/7.2.1/../../../../arm-none-eabi/lib/thumb/v7-m\libg_nano.a(lib_a-nano-vfprintf_i.o)
                0x0800138c                _printf_i
 .text.memchr   0x080015b0       0x1c d:/embedded tools/01-arm tools/03- imt sdk/imt_sdk_win_64/winarm/armgcc/bin/../lib/gcc/arm-none-eabi/7.2.1/../../../../arm-none-eabi/lib/thumb/v7-m\libg_nano.a(lib_a-memchr-stub.o)
                0x080015b0                memchr
 .text.memcpy   0x080015cc       0x16 d:/embedded tools/01-arm tools/03- imt sdk/imt_sdk_win_64/winarm/armgcc/bin/../lib/gcc/arm-none-eabi/7.2.1/../../../../arm-none-eabi/lib/thumb/v7-m\libg_nano.a(lib_a-memcpy-stub.o)
                0x080015cc                memcpy
 .text.memmove  0x080015e2       0x32 d:/embedded tools/01-arm tools/03- imt sdk/imt_sdk_win_64/winarm/armgcc/bin/../lib/gcc/arm-none-eabi/7.2.1/../../../../arm-none-eabi/lib/thumb/v7-m\libg_nano.a(lib_a-memmove.o)
                0x080015e2                memmove
 .text._free_r  0x08001614       0x98 d:/embedded tools/01-arm tools/03- imt sdk/imt_sdk_win_64/winarm/armgcc/bin/../lib/gcc/arm-none-eabi/7.2.1/../../../../arm-none-eabi/lib/thumb/v7-m\libg_nano.a(lib_a-nano-freer.o)
                0x08001614                _free_r
 .text._malloc_r
                0x080016ac       0xb4 d:/embedded tools/01-arm tools/03- imt sdk/imt_sdk_win_64/winarm/armgcc/bin/../lib/gcc/arm-none-eabi/7.2.1/../../../../arm-none-eabi/lib/thumb/v7-m\libg_nano.a(lib_a-nano-mallocr.o)
                0x080016ac                _malloc_r
 .text._realloc_r
                0x08001760       0x4c d:/embedded tools/01-arm tools/03- imt sdk/imt_sdk_win_64/winarm/armgcc/bin/../lib/gcc/arm-none-eabi/7.2.1/../../../../arm-none-eabi/lib/thumb/v7-m\libg_nano.a(lib_a-nano-reallocr.o)
                0x08001760                _realloc_r
 .text._sbrk_r  0x080017ac       0x20 d:/embedded tools/01-arm tools/03- imt sdk/imt_sdk_win_64/winarm/armgcc/bin/../lib/gcc/arm-none-eabi/7.2.1/../../../../arm-none-eabi/lib/thumb/v7-m\libg_nano.a(lib_a-sbrkr.o)
                0x080017ac                _sbrk_r
 .text.__malloc_lock
                0x080017cc        0x2 d:/embedded tools/01-arm tools/03- imt sdk/imt_sdk_win_64/winarm/armgcc/bin/../lib/gcc/arm-none-eabi/7.2.1/../../../../arm-none-eabi/lib/thumb/v7-m\libg_nano.a(lib_a-mlock.o)
                0x080017cc                __malloc_lock
 .text.__malloc_unlock
                0x080017ce        0x2 d:/embedded tools/01-arm tools/03- imt sdk/imt_sdk_win_64/winarm/armgcc/bin/../lib/gcc/arm-none-eabi/7.2.1/../../../../arm-none-eabi/lib/thumb/v7-m\libg_nano.a(lib_a-mlock.o)
                0x080017ce                __malloc_unlock
 .text._malloc_usable_size_r
                0x080017d0       0x10 d:/embedded tools/01-arm tools/03- imt sdk/imt_sdk_win_64/winarm/armgcc/bin/../lib/gcc/arm-none-eabi/7.2.1/../../../../arm-none-eabi/lib/thumb/v7-m\libg_nano.a(lib_a-nano-msizer.o)
                0x080017d0                _malloc_usable_size_r
 *(.rodata .rodata.* .constdata .constdata.*)
 .rodata.dumpExceptionStack.str1.4
                0x080017e0      0x11a ./system/src/cortexm/exception_handlers.o
 *fill*         0x080018fa        0x2 
 .rodata.str1.4
                0x080018fc       0x2c ./system/src/cortexm/exception_handlers.o
                                 0x2a (size before relaxing)
 .rodata._svfprintf_r.str1.1
                0x08001928       0x11 d:/embedded tools/01-arm tools/03- imt sdk/imt_sdk_win_64/winarm/armgcc/bin/../lib/gcc/arm-none-eabi/7.2.1/../../../../arm-none-eabi/lib/thumb/v7-m\libg_nano.a(lib_a-nano-svfprintf.o)
 .rodata._printf_i.str1.1
                0x08001939       0x22 d:/embedded tools/01-arm tools/03- imt sdk/imt_sdk_win_64/winarm/armgcc/bin/../lib/gcc/arm-none-eabi/7.2.1/../../../../arm-none-eabi/lib/thumb/v7-m\libg_nano.a(lib_a-nano-vfprintf_i.o)
 *(vtable)
 *(.eh_frame*)
 *(.glue_7)
 .glue_7        0x0800195b        0x0 linker stubs
 *(.glue_7t)
 .glue_7t       0x0800195b        0x0 linker stubs

.vfp11_veneer   0x0800195c        0x0
 .vfp11_veneer  0x0800195c        0x0 linker stubs

.v4_bx          0x0800195c        0x0
 .v4_bx         0x0800195c        0x0 linker stubs

.iplt           0x0800195c        0x0
 .iplt          0x0800195c        0x0 ./system/src/newlib/_exit.o

.rel.dyn        0x0800195c        0x0
 .rel.iplt      0x0800195c        0x0 ./system/src/newlib/_exit.o

.ARM.extab
 *(.ARM.extab* .gnu.linkonce.armextab.*)
                0x0800195c                . = ALIGN (0x4)
                0x0800195c                __exidx_start = .

.ARM.exidx
 *(.ARM.exidx* .gnu.linkonce.armexidx.*)
                0x0800195c                __exidx_end = .
                0x0800195c                . = ALIGN (0x4)
                0x0800195c                _etext = .
                0x0800195c                __etext = .

.data_CCMRAM    0x00000000        0x0 load address 0x0800195c
 FILL mask 0xff
 *(.data.CCMRAM .data.CCMRAM.*)
                0x00000000                . = ALIGN (0x4)
                0x0800195c                _sidata = LOADADDR (.data)

.data           0x20000000       0x88 load address 0x0800195c
 FILL mask 0xff
                0x20000000                _sdata = .
                0x20000000                __data_start__ = .
 *(.data_begin .data_begin.*)
 .data_begin    0x20000000        0x4 ./system/src/newlib/_startup.o
 *(.data .data.*)
 .data.argv.4310
                0x20000004        0x8 ./system/src/newlib/_syscalls.o
 .data.AHBPrescTable
                0x2000000c       0x10 ./system/src/cmsis/system_stm32f10x.o
                0x2000000c                AHBPrescTable
 .data.SystemCoreClock
                0x2000001c        0x4 ./system/src/cmsis/system_stm32f10x.o
                0x2000001c                SystemCoreClock
 .data._impure_ptr
                0x20000020        0x4 d:/embedded tools/01-arm tools/03- imt sdk/imt_sdk_win_64/winarm/armgcc/bin/../lib/gcc/arm-none-eabi/7.2.1/../../../../arm-none-eabi/lib/thumb/v7-m\libg_nano.a(lib_a-impure.o)
                0x20000020                _impure_ptr
 .data.impure_data
                0x20000024       0x60 d:/embedded tools/01-arm tools/03- imt sdk/imt_sdk_win_64/winarm/armgcc/bin/../lib/gcc/arm-none-eabi/7.2.1/../../../../arm-none-eabi/lib/thumb/v7-m\libg_nano.a(lib_a-impure.o)
 *(.data_end .data_end.*)
 .data_end      0x20000084        0x4 ./system/src/newlib/_startup.o
                0x20000088                . = ALIGN (0x4)
                0x20000088                _edata = .
                0x20000088                __data_end__ = .

.igot.plt       0x20000088        0x0 load address 0x080019e4
 .igot.plt      0x20000088        0x0 ./system/src/newlib/_exit.o

.bss_CCMRAM     0x00000000        0x0
 *(.bss.CCMRAM .bss.CCMRAM.*)

.bss            0x20000088      0x104
                0x20000088                __bss_start__ = .
                0x20000088                _sbss = .
 *(.bss_begin .bss_begin.*)
 .bss_begin     0x20000088        0x4 ./system/src/newlib/_startup.o
 *(.bss .bss.*)
 .bss.current_heap_end.3961
                0x2000008c        0x4 ./system/src/newlib/_sbrk.o
 .bss.name.4309
                0x20000090        0x1 ./system/src/newlib/_syscalls.o
 *fill*         0x20000091        0x3 
 .bss.buf.5205  0x20000094       0x80 ./system/src/diag/Trace.o
 .bss.ADC1_pu16Reading
                0x20000114        0x4 ./src/ADC_program.o
 .bss.ADC1_pvCallBackNotificationFunc
                0x20000118        0x4 ./src/ADC_program.o
 .bss.ADC1_u8BusyState
                0x2000011c        0x1 ./src/ADC_program.o
                0x2000011c                ADC1_u8BusyState
 *fill*         0x2000011d        0x3 
 .bss.ADC2_pu16Reading
                0x20000120        0x4 ./src/ADC_program.o
 .bss.ADC2_pvCallBackNotificationFunc
                0x20000124        0x4 ./src/ADC_program.o
 .bss.ADC2_u8BusyState
                0x20000128        0x1 ./src/ADC_program.o
                0x20000128                ADC2_u8BusyState
 *fill*         0x20000129        0x3 
 .bss.EXTI_CallBack
                0x2000012c       0x40 ./src/EXTI_program.o
                0x2000012c                EXTI_CallBack
 .bss.MSTK_CallBack
                0x2000016c        0x4 ./src/STK_program.o
 .bss.MSTK_u8ModeOfInterval
                0x20000170        0x1 ./src/STK_program.o
 *fill*         0x20000171        0x1 
 .bss.ADC_Reading_For_LDR
                0x20000172        0x2 ./src/main.o
                0x20000172                ADC_Reading_For_LDR
 .bss.ADC_Reading_For_LM35
                0x20000174        0x2 ./src/main.o
                0x20000174                ADC_Reading_For_LM35
 .bss.LM35_u16TempValue
                0x20000176        0x2 ./src/main.o
                0x20000176                LM35_u16TempValue
 .bss.state.3770
                0x20000178        0x1 ./src/main.o
 *fill*         0x20000179        0x3 
 .bss.__malloc_free_list
                0x2000017c        0x4 d:/embedded tools/01-arm tools/03- imt sdk/imt_sdk_win_64/winarm/armgcc/bin/../lib/gcc/arm-none-eabi/7.2.1/../../../../arm-none-eabi/lib/thumb/v7-m\libg_nano.a(lib_a-nano-mallocr.o)
                0x2000017c                __malloc_free_list
 .bss.__malloc_sbrk_start
                0x20000180        0x4 d:/embedded tools/01-arm tools/03- imt sdk/imt_sdk_win_64/winarm/armgcc/bin/../lib/gcc/arm-none-eabi/7.2.1/../../../../arm-none-eabi/lib/thumb/v7-m\libg_nano.a(lib_a-nano-mallocr.o)
                0x20000180                __malloc_sbrk_start
 *(COMMON)
 COMMON         0x20000184        0x4 ./system/src/newlib/_syscalls.o
                0x20000184                errno
 *(.bss_end .bss_end.*)
 .bss_end       0x20000188        0x4 ./system/src/newlib/_startup.o
                0x2000018c                . = ALIGN (0x4)
                0x2000018c                __bss_end__ = .
                0x2000018c                _ebss = .

.noinit_CCMRAM
 *(.noinit.CCMRAM .noinit.CCMRAM.*)

.noinit         0x2000018c        0x0
                0x2000018c                _noinit = .
 *(.noinit .noinit.*)
                0x2000018c                . = ALIGN (0x4)
                0x2000018c                _end_noinit = .
                [!provide]                PROVIDE (end, _end_noinit)
                [!provide]                PROVIDE (_end, _end_noinit)
                [!provide]                PROVIDE (__end, _end_noinit)
                [!provide]                PROVIDE (__end__, _end_noinit)

._check_stack   0x2000018c      0x100
                0x2000028c                . = (. + _Minimum_Stack_Size)
 *fill*         0x2000018c      0x100 

.b1text
 *(.b1text)
 *(.b1rodata)
 *(.b1rodata.*)

.eb0text
 *(.eb0text)
 *(.eb0rodata)
 *(.eb0rodata.*)

.eb1text
 *(.eb1text)
 *(.eb1rodata)
 *(.eb1rodata.*)

.eb2text
 *(.eb2text)
 *(.eb2rodata)
 *(.eb2rodata.*)

.eb3text
 *(.eb3text)
 *(.eb3rodata)
 *(.eb3rodata.*)

.stab
 *(.stab)

.stabstr
 *(.stabstr)

.stab.excl
 *(.stab.excl)

.stab.exclstr
 *(.stab.exclstr)

.stab.index
 *(.stab.index)

.stab.indexstr
 *(.stab.indexstr)

.comment        0x00000000       0x7e
 *(.comment)
 .comment       0x00000000       0x7e ./system/src/newlib/_exit.o
                                 0x7f (size before relaxing)
 .comment       0x0000007e       0x7f ./system/src/newlib/_sbrk.o
 .comment       0x0000007e       0x7f ./system/src/newlib/_startup.o
 .comment       0x0000007e       0x7f ./system/src/newlib/_syscalls.o
 .comment       0x0000007e       0x7f ./system/src/diag/Trace.o
 .comment       0x0000007e       0x7f ./system/src/diag/trace_impl.o
 .comment       0x0000007e       0x7f ./system/src/cortexm/_initialize_hardware.o
 .comment       0x0000007e       0x7f ./system/src/cortexm/exception_handlers.o
 .comment       0x0000007e       0x7f ./system/src/cmsis/system_stm32f10x.o
 .comment       0x0000007e       0x7f ./system/src/cmsis/vectors_stm32f10x.o
 .comment       0x0000007e       0x7f ./src/ADC_program.o
 .comment       0x0000007e       0x7f ./src/AFIO_program.o
 .comment       0x0000007e       0x7f ./src/DIO_program.o
 .comment       0x0000007e       0x7f ./src/EXTI_program.o
 .comment       0x0000007e       0x7f ./src/NVIC_program.o
 .comment       0x0000007e       0x7f ./src/RCC_program.o
 .comment       0x0000007e       0x7f ./src/STK_program.o
 .comment       0x0000007e       0x7f ./src/main.o

.ARM.attributes
                0x00000000       0x31
 .ARM.attributes
                0x00000000       0x33 ./system/src/newlib/_exit.o
 .ARM.attributes
                0x00000033       0x33 ./system/src/newlib/_sbrk.o
 .ARM.attributes
                0x00000066       0x33 ./system/src/newlib/_startup.o
 .ARM.attributes
                0x00000099       0x33 ./system/src/newlib/_syscalls.o
 .ARM.attributes
                0x000000cc       0x33 ./system/src/diag/Trace.o
 .ARM.attributes
                0x000000ff       0x33 ./system/src/diag/trace_impl.o
 .ARM.attributes
                0x00000132       0x33 ./system/src/cortexm/_initialize_hardware.o
 .ARM.attributes
                0x00000165       0x33 ./system/src/cortexm/exception_handlers.o
 .ARM.attributes
                0x00000198       0x33 ./system/src/cmsis/system_stm32f10x.o
 .ARM.attributes
                0x000001cb       0x33 ./system/src/cmsis/vectors_stm32f10x.o
 .ARM.attributes
                0x000001fe       0x33 ./src/ADC_program.o
 .ARM.attributes
                0x00000231       0x33 ./src/AFIO_program.o
 .ARM.attributes
                0x00000264       0x33 ./src/DIO_program.o
 .ARM.attributes
                0x00000297       0x33 ./src/EXTI_program.o
 .ARM.attributes
                0x000002ca       0x33 ./src/NVIC_program.o
 .ARM.attributes
                0x000002fd       0x33 ./src/RCC_program.o
 .ARM.attributes
                0x00000330       0x33 ./src/STK_program.o
 .ARM.attributes
                0x00000363       0x33 ./src/main.o
 .ARM.attributes
                0x00000396       0x2d d:/embedded tools/01-arm tools/03- imt sdk/imt_sdk_win_64/winarm/armgcc/bin/../lib/gcc/arm-none-eabi/7.2.1/../../../../arm-none-eabi/lib/thumb/v7-m\libg_nano.a(lib_a-errno.o)
 .ARM.attributes
                0x000003c3       0x2d d:/embedded tools/01-arm tools/03- imt sdk/imt_sdk_win_64/winarm/armgcc/bin/../lib/gcc/arm-none-eabi/7.2.1/../../../../arm-none-eabi/lib/thumb/v7-m\libg_nano.a(lib_a-impure.o)
 .ARM.attributes
                0x000003f0       0x2d d:/embedded tools/01-arm tools/03- imt sdk/imt_sdk_win_64/winarm/armgcc/bin/../lib/gcc/arm-none-eabi/7.2.1/../../../../arm-none-eabi/lib/thumb/v7-m\libg_nano.a(lib_a-vsnprintf.o)
 .ARM.attributes
                0x0000041d       0x2d d:/embedded tools/01-arm tools/03- imt sdk/imt_sdk_win_64/winarm/armgcc/bin/../lib/gcc/arm-none-eabi/7.2.1/../../../../arm-none-eabi/lib/thumb/v7-m\libg_nano.a(lib_a-nano-svfprintf.o)
 .ARM.attributes
                0x0000044a       0x2d d:/embedded tools/01-arm tools/03- imt sdk/imt_sdk_win_64/winarm/armgcc/bin/../lib/gcc/arm-none-eabi/7.2.1/../../../../arm-none-eabi/lib/thumb/v7-m\libg_nano.a(lib_a-nano-vfprintf_i.o)
 .ARM.attributes
                0x00000477       0x2d d:/embedded tools/01-arm tools/03- imt sdk/imt_sdk_win_64/winarm/armgcc/bin/../lib/gcc/arm-none-eabi/7.2.1/../../../../arm-none-eabi/lib/thumb/v7-m\libg_nano.a(lib_a-memchr-stub.o)
 .ARM.attributes
                0x000004a4       0x2d d:/embedded tools/01-arm tools/03- imt sdk/imt_sdk_win_64/winarm/armgcc/bin/../lib/gcc/arm-none-eabi/7.2.1/../../../../arm-none-eabi/lib/thumb/v7-m\libg_nano.a(lib_a-memcpy-stub.o)
 .ARM.attributes
                0x000004d1       0x2d d:/embedded tools/01-arm tools/03- imt sdk/imt_sdk_win_64/winarm/armgcc/bin/../lib/gcc/arm-none-eabi/7.2.1/../../../../arm-none-eabi/lib/thumb/v7-m\libg_nano.a(lib_a-memmove.o)
 .ARM.attributes
                0x000004fe       0x2d d:/embedded tools/01-arm tools/03- imt sdk/imt_sdk_win_64/winarm/armgcc/bin/../lib/gcc/arm-none-eabi/7.2.1/../../../../arm-none-eabi/lib/thumb/v7-m\libg_nano.a(lib_a-nano-freer.o)
 .ARM.attributes
                0x0000052b       0x2d d:/embedded tools/01-arm tools/03- imt sdk/imt_sdk_win_64/winarm/armgcc/bin/../lib/gcc/arm-none-eabi/7.2.1/../../../../arm-none-eabi/lib/thumb/v7-m\libg_nano.a(lib_a-nano-mallocr.o)
 .ARM.attributes
                0x00000558       0x2d d:/embedded tools/01-arm tools/03- imt sdk/imt_sdk_win_64/winarm/armgcc/bin/../lib/gcc/arm-none-eabi/7.2.1/../../../../arm-none-eabi/lib/thumb/v7-m\libg_nano.a(lib_a-nano-reallocr.o)
 .ARM.attributes
                0x00000585       0x2d d:/embedded tools/01-arm tools/03- imt sdk/imt_sdk_win_64/winarm/armgcc/bin/../lib/gcc/arm-none-eabi/7.2.1/../../../../arm-none-eabi/lib/thumb/v7-m\libg_nano.a(lib_a-sbrkr.o)
 .ARM.attributes
                0x000005b2       0x2d d:/embedded tools/01-arm tools/03- imt sdk/imt_sdk_win_64/winarm/armgcc/bin/../lib/gcc/arm-none-eabi/7.2.1/../../../../arm-none-eabi/lib/thumb/v7-m\libg_nano.a(lib_a-mlock.o)
 .ARM.attributes
                0x000005df       0x2d d:/embedded tools/01-arm tools/03- imt sdk/imt_sdk_win_64/winarm/armgcc/bin/../lib/gcc/arm-none-eabi/7.2.1/../../../../arm-none-eabi/lib/thumb/v7-m\libg_nano.a(lib_a-nano-msizer.o)

.debug
 *(.debug)

.line
 *(.line)

.debug_srcinfo
 *(.debug_srcinfo)

.debug_sfnames
 *(.debug_sfnames)

.debug_aranges  0x00000000      0x560
 *(.debug_aranges)
 .debug_aranges
                0x00000000       0x28 ./system/src/newlib/_exit.o
 .debug_aranges
                0x00000028       0x20 ./system/src/newlib/_sbrk.o
 .debug_aranges
                0x00000048       0x40 ./system/src/newlib/_startup.o
 .debug_aranges
                0x00000088       0x30 ./system/src/newlib/_syscalls.o
 .debug_aranges
                0x000000b8       0x38 ./system/src/diag/Trace.o
 .debug_aranges
                0x000000f0       0x30 ./system/src/diag/trace_impl.o
 .debug_aranges
                0x00000120       0x28 ./system/src/cortexm/_initialize_hardware.o
 .debug_aranges
                0x00000148       0x90 ./system/src/cortexm/exception_handlers.o
 .debug_aranges
                0x000001d8       0x38 ./system/src/cmsis/system_stm32f10x.o
 .debug_aranges
                0x00000210       0x20 ./system/src/cmsis/vectors_stm32f10x.o
 .debug_aranges
                0x00000230       0xa8 ./src/ADC_program.o
 .debug_aranges
                0x000002d8       0x20 ./src/AFIO_program.o
 .debug_aranges
                0x000002f8       0x48 ./src/DIO_program.o
 .debug_aranges
                0x00000340       0xd0 ./src/EXTI_program.o
 .debug_aranges
                0x00000410       0x50 ./src/NVIC_program.o
 .debug_aranges
                0x00000460       0x30 ./src/RCC_program.o
 .debug_aranges
                0x00000490       0x60 ./src/STK_program.o
 .debug_aranges
                0x000004f0       0x70 ./src/main.o

.debug_pubnames
 *(.debug_pubnames)

.debug_info     0x00000000     0x62c1
 *(.debug_info .gnu.linkonce.wi.*)
 .debug_info    0x00000000      0x956 ./system/src/newlib/_exit.o
 .debug_info    0x00000956      0x942 ./system/src/newlib/_sbrk.o
 .debug_info    0x00001298      0x42e ./system/src/newlib/_startup.o
 .debug_info    0x000016c6      0xa19 ./system/src/newlib/_syscalls.o
 .debug_info    0x000020df      0xb2a ./system/src/diag/Trace.o
 .debug_info    0x00002c09      0x363 ./system/src/diag/trace_impl.o
 .debug_info    0x00002f6c      0x2b5 ./system/src/cortexm/_initialize_hardware.o
 .debug_info    0x00003221     0x1140 ./system/src/cortexm/exception_handlers.o
 .debug_info    0x00004361      0x494 ./system/src/cmsis/system_stm32f10x.o
 .debug_info    0x000047f5       0xca ./system/src/cmsis/vectors_stm32f10x.o
 .debug_info    0x000048bf      0x3fa ./src/ADC_program.o
 .debug_info    0x00004cb9      0x127 ./src/AFIO_program.o
 .debug_info    0x00004de0      0x218 ./src/DIO_program.o
 .debug_info    0x00004ff8      0x46d ./src/EXTI_program.o
 .debug_info    0x00005465      0x1bc ./src/NVIC_program.o
 .debug_info    0x00005621       0xfe ./src/RCC_program.o
 .debug_info    0x0000571f      0x228 ./src/STK_program.o
 .debug_info    0x00005947      0x97a ./src/main.o

.debug_abbrev   0x00000000     0x19ba
 *(.debug_abbrev)
 .debug_abbrev  0x00000000      0x1f3 ./system/src/newlib/_exit.o
 .debug_abbrev  0x000001f3      0x1fc ./system/src/newlib/_sbrk.o
 .debug_abbrev  0x000003ef      0x1b3 ./system/src/newlib/_startup.o
 .debug_abbrev  0x000005a2      0x234 ./system/src/newlib/_syscalls.o
 .debug_abbrev  0x000007d6      0x276 ./system/src/diag/Trace.o
 .debug_abbrev  0x00000a4c      0x1e2 ./system/src/diag/trace_impl.o
 .debug_abbrev  0x00000c2e       0xea ./system/src/cortexm/_initialize_hardware.o
 .debug_abbrev  0x00000d18      0x32b ./system/src/cortexm/exception_handlers.o
 .debug_abbrev  0x00001043      0x177 ./system/src/cmsis/system_stm32f10x.o
 .debug_abbrev  0x000011ba       0x9d ./system/src/cmsis/vectors_stm32f10x.o
 .debug_abbrev  0x00001257      0x151 ./src/ADC_program.o
 .debug_abbrev  0x000013a8       0xb6 ./src/AFIO_program.o
 .debug_abbrev  0x0000145e       0xaa ./src/DIO_program.o
 .debug_abbrev  0x00001508      0x120 ./src/EXTI_program.o
 .debug_abbrev  0x00001628       0xaa ./src/NVIC_program.o
 .debug_abbrev  0x000016d2       0x70 ./src/RCC_program.o
 .debug_abbrev  0x00001742      0x13e ./src/STK_program.o
 .debug_abbrev  0x00001880      0x13a ./src/main.o

.debug_line     0x00000000     0x36ec
 *(.debug_line)
 .debug_line    0x00000000      0x397 ./system/src/newlib/_exit.o
 .debug_line    0x00000397      0x34b ./system/src/newlib/_sbrk.o
 .debug_line    0x000006e2      0x405 ./system/src/newlib/_startup.o
 .debug_line    0x00000ae7      0x473 ./system/src/newlib/_syscalls.o
 .debug_line    0x00000f5a      0x413 ./system/src/diag/Trace.o
 .debug_line    0x0000136d      0x680 ./system/src/diag/trace_impl.o
 .debug_line    0x000019ed      0x386 ./system/src/cortexm/_initialize_hardware.o
 .debug_line    0x00001d73      0x742 ./system/src/cortexm/exception_handlers.o
 .debug_line    0x000024b5      0x3f9 ./system/src/cmsis/system_stm32f10x.o
 .debug_line    0x000028ae      0x112 ./system/src/cmsis/vectors_stm32f10x.o
 .debug_line    0x000029c0      0x2cb ./src/ADC_program.o
 .debug_line    0x00002c8b       0xbd ./src/AFIO_program.o
 .debug_line    0x00002d48      0x1d4 ./src/DIO_program.o
 .debug_line    0x00002f1c      0x254 ./src/EXTI_program.o
 .debug_line    0x00003170      0x139 ./src/NVIC_program.o
 .debug_line    0x000032a9       0xd1 ./src/RCC_program.o
 .debug_line    0x0000337a      0x14a ./src/STK_program.o
 .debug_line    0x000034c4      0x228 ./src/main.o

.debug_frame    0x00000000      0xdc0
 *(.debug_frame)
 .debug_frame   0x00000000       0x38 ./system/src/newlib/_exit.o
 .debug_frame   0x00000038       0x28 ./system/src/newlib/_sbrk.o
 .debug_frame   0x00000060       0x7c ./system/src/newlib/_startup.o
 .debug_frame   0x000000dc       0x50 ./system/src/newlib/_syscalls.o
 .debug_frame   0x0000012c       0x94 ./system/src/diag/Trace.o
 .debug_frame   0x000001c0       0x64 ./system/src/diag/trace_impl.o
 .debug_frame   0x00000224       0x40 ./system/src/cortexm/_initialize_hardware.o
 .debug_frame   0x00000264      0x158 ./system/src/cortexm/exception_handlers.o
 .debug_frame   0x000003bc       0x6c ./system/src/cmsis/system_stm32f10x.o
 .debug_frame   0x00000428       0x20 ./system/src/cmsis/vectors_stm32f10x.o
 .debug_frame   0x00000448      0x164 ./src/ADC_program.o
 .debug_frame   0x000005ac       0x30 ./src/AFIO_program.o
 .debug_frame   0x000005dc       0x7c ./src/DIO_program.o
 .debug_frame   0x00000658      0x200 ./src/EXTI_program.o
 .debug_frame   0x00000858       0x80 ./src/NVIC_program.o
 .debug_frame   0x000008d8       0x40 ./src/RCC_program.o
 .debug_frame   0x00000918       0xa8 ./src/STK_program.o
 .debug_frame   0x000009c0      0x110 ./src/main.o
 .debug_frame   0x00000ad0       0x20 d:/embedded tools/01-arm tools/03- imt sdk/imt_sdk_win_64/winarm/armgcc/bin/../lib/gcc/arm-none-eabi/7.2.1/../../../../arm-none-eabi/lib/thumb/v7-m\libg_nano.a(lib_a-errno.o)
 .debug_frame   0x00000af0       0x4c d:/embedded tools/01-arm tools/03- imt sdk/imt_sdk_win_64/winarm/armgcc/bin/../lib/gcc/arm-none-eabi/7.2.1/../../../../arm-none-eabi/lib/thumb/v7-m\libg_nano.a(lib_a-vsnprintf.o)
 .debug_frame   0x00000b3c       0x90 d:/embedded tools/01-arm tools/03- imt sdk/imt_sdk_win_64/winarm/armgcc/bin/../lib/gcc/arm-none-eabi/7.2.1/../../../../arm-none-eabi/lib/thumb/v7-m\libg_nano.a(lib_a-nano-svfprintf.o)
 .debug_frame   0x00000bcc       0x60 d:/embedded tools/01-arm tools/03- imt sdk/imt_sdk_win_64/winarm/armgcc/bin/../lib/gcc/arm-none-eabi/7.2.1/../../../../arm-none-eabi/lib/thumb/v7-m\libg_nano.a(lib_a-nano-vfprintf_i.o)
 .debug_frame   0x00000c2c       0x28 d:/embedded tools/01-arm tools/03- imt sdk/imt_sdk_win_64/winarm/armgcc/bin/../lib/gcc/arm-none-eabi/7.2.1/../../../../arm-none-eabi/lib/thumb/v7-m\libg_nano.a(lib_a-memchr-stub.o)
 .debug_frame   0x00000c54       0x28 d:/embedded tools/01-arm tools/03- imt sdk/imt_sdk_win_64/winarm/armgcc/bin/../lib/gcc/arm-none-eabi/7.2.1/../../../../arm-none-eabi/lib/thumb/v7-m\libg_nano.a(lib_a-memcpy-stub.o)
 .debug_frame   0x00000c7c       0x28 d:/embedded tools/01-arm tools/03- imt sdk/imt_sdk_win_64/winarm/armgcc/bin/../lib/gcc/arm-none-eabi/7.2.1/../../../../arm-none-eabi/lib/thumb/v7-m\libg_nano.a(lib_a-memmove.o)
 .debug_frame   0x00000ca4       0x38 d:/embedded tools/01-arm tools/03- imt sdk/imt_sdk_win_64/winarm/armgcc/bin/../lib/gcc/arm-none-eabi/7.2.1/../../../../arm-none-eabi/lib/thumb/v7-m\libg_nano.a(lib_a-nano-freer.o)
 .debug_frame   0x00000cdc       0x2c d:/embedded tools/01-arm tools/03- imt sdk/imt_sdk_win_64/winarm/armgcc/bin/../lib/gcc/arm-none-eabi/7.2.1/../../../../arm-none-eabi/lib/thumb/v7-m\libg_nano.a(lib_a-nano-mallocr.o)
 .debug_frame   0x00000d08       0x3c d:/embedded tools/01-arm tools/03- imt sdk/imt_sdk_win_64/winarm/armgcc/bin/../lib/gcc/arm-none-eabi/7.2.1/../../../../arm-none-eabi/lib/thumb/v7-m\libg_nano.a(lib_a-nano-reallocr.o)
 .debug_frame   0x00000d44       0x2c d:/embedded tools/01-arm tools/03- imt sdk/imt_sdk_win_64/winarm/armgcc/bin/../lib/gcc/arm-none-eabi/7.2.1/../../../../arm-none-eabi/lib/thumb/v7-m\libg_nano.a(lib_a-sbrkr.o)
 .debug_frame   0x00000d70       0x30 d:/embedded tools/01-arm tools/03- imt sdk/imt_sdk_win_64/winarm/armgcc/bin/../lib/gcc/arm-none-eabi/7.2.1/../../../../arm-none-eabi/lib/thumb/v7-m\libg_nano.a(lib_a-mlock.o)
 .debug_frame   0x00000da0       0x20 d:/embedded tools/01-arm tools/03- imt sdk/imt_sdk_win_64/winarm/armgcc/bin/../lib/gcc/arm-none-eabi/7.2.1/../../../../arm-none-eabi/lib/thumb/v7-m\libg_nano.a(lib_a-nano-msizer.o)

.debug_str      0x00000000    0x58945
 *(.debug_str)
 .debug_str     0x00000000     0x7d22 ./system/src/newlib/_exit.o
                               0x7ef5 (size before relaxing)
 .debug_str     0x00007d22      0x4f5 ./system/src/newlib/_sbrk.o
                               0x72a7 (size before relaxing)
 .debug_str     0x00008217      0xbbd ./system/src/newlib/_startup.o
                               0x69e2 (size before relaxing)
 .debug_str     0x00008dd4      0xe8b ./system/src/newlib/_syscalls.o
                               0x8182 (size before relaxing)
 .debug_str     0x00009c5f      0x826 ./system/src/diag/Trace.o
                               0x866d (size before relaxing)
 .debug_str     0x0000a485    0x4b2b9 ./system/src/diag/trace_impl.o
                              0x52a53 (size before relaxing)
 .debug_str     0x0005573e       0xc4 ./system/src/cortexm/_initialize_hardware.o
                              0x4e844 (size before relaxing)
 .debug_str     0x00055802      0x1a6 ./system/src/cortexm/exception_handlers.o
                              0x53c78 (size before relaxing)
 .debug_str     0x000559a8      0x114 ./system/src/cmsis/system_stm32f10x.o
                              0x4e8de (size before relaxing)
 .debug_str     0x00055abc       0x57 ./system/src/cmsis/vectors_stm32f10x.o
                               0x3883 (size before relaxing)
 .debug_str     0x00055b13     0x1aa6 ./src/ADC_program.o
                               0x485f (size before relaxing)
 .debug_str     0x000575b9      0x163 ./src/AFIO_program.o
                               0x30e5 (size before relaxing)
 .debug_str     0x0005771c      0x520 ./src/DIO_program.o
                               0x370f (size before relaxing)
 .debug_str     0x00057c3c      0x316 ./src/EXTI_program.o
                               0x32b0 (size before relaxing)
 .debug_str     0x00057f52      0x42d ./src/NVIC_program.o
                               0x33a2 (size before relaxing)
 .debug_str     0x0005837f      0x2b7 ./src/RCC_program.o
                               0x374f (size before relaxing)
 .debug_str     0x00058636      0x202 ./src/STK_program.o
                               0x3190 (size before relaxing)
 .debug_str     0x00058838      0x10d ./src/main.o
                               0x495f (size before relaxing)

.debug_loc      0x00000000     0x1869
 *(.debug_loc)
 .debug_loc     0x00000000       0x85 ./system/src/newlib/_sbrk.o
 .debug_loc     0x00000085      0x1a9 ./system/src/newlib/_startup.o
 .debug_loc     0x0000022e       0x63 ./system/src/newlib/_syscalls.o
 .debug_loc     0x00000291       0xf6 ./system/src/diag/Trace.o
 .debug_loc     0x00000387      0x121 ./system/src/diag/trace_impl.o
 .debug_loc     0x000004a8      0x291 ./system/src/cortexm/exception_handlers.o
 .debug_loc     0x00000739       0xdf ./system/src/cmsis/system_stm32f10x.o
 .debug_loc     0x00000818      0x3ed ./src/ADC_program.o
 .debug_loc     0x00000c05       0x9d ./src/AFIO_program.o
 .debug_loc     0x00000ca2      0x67f ./src/DIO_program.o
 .debug_loc     0x00001321      0x12a ./src/EXTI_program.o
 .debug_loc     0x0000144b      0x214 ./src/NVIC_program.o
 .debug_loc     0x0000165f      0x14c ./src/RCC_program.o
 .debug_loc     0x000017ab       0x83 ./src/STK_program.o
 .debug_loc     0x0000182e       0x3b ./src/main.o

.debug_macinfo
 *(.debug_macinfo)

.debug_weaknames
 *(.debug_weaknames)

.debug_funcnames
 *(.debug_funcnames)

.debug_typenames
 *(.debug_typenames)

.debug_varnames
 *(.debug_varnames)
OUTPUT(Interrupts_proj.elf elf32-littlearm)

.debug_ranges   0x00000000      0x4b8
 .debug_ranges  0x00000000       0x18 ./system/src/newlib/_exit.o
 .debug_ranges  0x00000018       0x10 ./system/src/newlib/_sbrk.o
 .debug_ranges  0x00000028       0x78 ./system/src/newlib/_startup.o
 .debug_ranges  0x000000a0       0x20 ./system/src/newlib/_syscalls.o
 .debug_ranges  0x000000c0       0x28 ./system/src/diag/Trace.o
 .debug_ranges  0x000000e8       0x50 ./system/src/diag/trace_impl.o
 .debug_ranges  0x00000138       0x18 ./system/src/cortexm/_initialize_hardware.o
 .debug_ranges  0x00000150       0x80 ./system/src/cortexm/exception_handlers.o
 .debug_ranges  0x000001d0       0x28 ./system/src/cmsis/system_stm32f10x.o
 .debug_ranges  0x000001f8       0x10 ./system/src/cmsis/vectors_stm32f10x.o
 .debug_ranges  0x00000208       0x98 ./src/ADC_program.o
 .debug_ranges  0x000002a0       0x10 ./src/AFIO_program.o
 .debug_ranges  0x000002b0       0x38 ./src/DIO_program.o
 .debug_ranges  0x000002e8       0xc0 ./src/EXTI_program.o
 .debug_ranges  0x000003a8       0x40 ./src/NVIC_program.o
 .debug_ranges  0x000003e8       0x20 ./src/RCC_program.o
 .debug_ranges  0x00000408       0x50 ./src/STK_program.o
 .debug_ranges  0x00000458       0x60 ./src/main.o

.debug_macro    0x00000000     0x3119
 .debug_macro   0x00000000      0x1b4 ./system/src/newlib/_exit.o
 .debug_macro   0x000001b4       0x9c ./system/src/newlib/_exit.o
 .debug_macro   0x00000250      0x10e ./system/src/newlib/_exit.o
 .debug_macro   0x0000035e       0x8d ./system/src/newlib/_exit.o
 .debug_macro   0x000003eb       0x43 ./system/src/newlib/_exit.o
 .debug_macro   0x0000042e      0x330 ./system/src/newlib/_exit.o
 .debug_macro   0x0000075e       0x35 ./system/src/newlib/_exit.o
 .debug_macro   0x00000793      0x169 ./system/src/newlib/_sbrk.o
 .debug_macro   0x000008fc      0x174 ./system/src/newlib/_sbrk.o
 .debug_macro   0x00000a70       0x10 ./system/src/newlib/_sbrk.o
 .debug_macro   0x00000a80      0x23b ./system/src/newlib/_sbrk.o
 .debug_macro   0x00000cbb      0x173 ./system/src/newlib/_startup.o
 .debug_macro   0x00000e2e      0x217 ./system/src/newlib/_syscalls.o
 .debug_macro   0x00001045       0x1c ./system/src/newlib/_syscalls.o
 .debug_macro   0x00001061       0x10 ./system/src/newlib/_syscalls.o
 .debug_macro   0x00001071       0x10 ./system/src/newlib/_syscalls.o
 .debug_macro   0x00001081       0x10 ./system/src/newlib/_syscalls.o
 .debug_macro   0x00001091       0x35 ./system/src/newlib/_syscalls.o
 .debug_macro   0x000010c6      0x122 ./system/src/newlib/_syscalls.o
 .debug_macro   0x000011e8       0x88 ./system/src/newlib/_syscalls.o
 .debug_macro   0x00001270       0x2b ./system/src/newlib/_syscalls.o
 .debug_macro   0x0000129b      0x118 ./system/src/newlib/_syscalls.o
 .debug_macro   0x000013b3      0x189 ./system/src/newlib/_syscalls.o
 .debug_macro   0x0000153c       0x16 ./system/src/newlib/_syscalls.o
 .debug_macro   0x00001552      0x1fb ./system/src/diag/Trace.o
 .debug_macro   0x0000174d       0x16 ./system/src/diag/Trace.o
 .debug_macro   0x00001763       0x97 ./system/src/diag/Trace.o
 .debug_macro   0x000017fa       0xfd ./system/src/diag/Trace.o
 .debug_macro   0x000018f7       0x10 ./system/src/diag/Trace.o
 .debug_macro   0x00001907       0x16 ./system/src/diag/Trace.o
 .debug_macro   0x0000191d      0x16f ./system/src/diag/Trace.o
 .debug_macro   0x00001a8c       0x4c ./system/src/diag/Trace.o
 .debug_macro   0x00001ad8       0x16 ./system/src/diag/Trace.o
 .debug_macro   0x00001aee      0x2da ./system/src/diag/trace_impl.o
 .debug_macro   0x00001dc8       0x10 ./system/src/diag/trace_impl.o
 .debug_macro   0x00001dd8       0xcf ./system/src/diag/trace_impl.o
 .debug_macro   0x00001ea7       0xbe ./system/src/diag/trace_impl.o
 .debug_macro   0x00001f65       0x22 ./system/src/diag/trace_impl.o
 .debug_macro   0x00001f87      0x16b ./system/src/cortexm/_initialize_hardware.o
 .debug_macro   0x000020f2      0x324 ./system/src/cortexm/exception_handlers.o
 .debug_macro   0x00002416       0x3b ./system/src/cortexm/exception_handlers.o
 .debug_macro   0x00002451       0x10 ./system/src/cortexm/exception_handlers.o
 .debug_macro   0x00002461      0x16e ./system/src/cmsis/system_stm32f10x.o
 .debug_macro   0x000025cf       0x34 ./system/src/cmsis/vectors_stm32f10x.o
 .debug_macro   0x00002603       0x50 ./src/ADC_program.o
 .debug_macro   0x00002653       0x3a ./src/ADC_program.o
 .debug_macro   0x0000268d       0x40 ./src/ADC_program.o
 .debug_macro   0x000026cd      0x213 ./src/ADC_program.o
 .debug_macro   0x000028e0       0xe2 ./src/ADC_program.o
 .debug_macro   0x000029c2       0x2e ./src/ADC_program.o
 .debug_macro   0x000029f0      0x1de ./src/ADC_program.o
 .debug_macro   0x00002bce       0x3a ./src/ADC_program.o
 .debug_macro   0x00002c08       0x3f ./src/AFIO_program.o
 .debug_macro   0x00002c47       0x6a ./src/AFIO_program.o
 .debug_macro   0x00002cb1       0x10 ./src/AFIO_program.o
 .debug_macro   0x00002cc1       0x3f ./src/DIO_program.o
 .debug_macro   0x00002d00       0x9a ./src/DIO_program.o
 .debug_macro   0x00002d9a       0x3e ./src/EXTI_program.o
 .debug_macro   0x00002dd8       0x82 ./src/EXTI_program.o
 .debug_macro   0x00002e5a       0x16 ./src/EXTI_program.o
 .debug_macro   0x00002e70       0x10 ./src/EXTI_program.o
 .debug_macro   0x00002e80       0x44 ./src/NVIC_program.o
 .debug_macro   0x00002ec4       0x52 ./src/NVIC_program.o
 .debug_macro   0x00002f16       0x6a ./src/NVIC_program.o
 .debug_macro   0x00002f80       0x10 ./src/NVIC_program.o
 .debug_macro   0x00002f90       0x3e ./src/RCC_program.o
 .debug_macro   0x00002fce       0x22 ./src/RCC_program.o
 .debug_macro   0x00002ff0       0x46 ./src/RCC_program.o
 .debug_macro   0x00003036       0x3f ./src/STK_program.o
 .debug_macro   0x00003075       0x28 ./src/STK_program.o
 .debug_macro   0x0000309d       0x10 ./src/STK_program.o
 .debug_macro   0x000030ad       0x6c ./src/main.o
